---
source: crates/engine/src/test_paths.rs
expression: rendered
---
-    src/app.ts
-    src/index.ts
-    packages/core/src/index.ts
code src/app.test.ts
code src/app.spec.tsx
code src/App.Test.ts
code src/app.e2e.ts
code src/app.e2e-spec.ts
code cypress/e2e/login.cy.ts
-    src/Button.stories.tsx
-    src/Button.story.tsx
supp src/data.fixture.ts
-    src/sort.bench.ts
code test/widget.ts
code tests/unit/widget.ts
code packages/core/tests/widget.ts
code __tests__/widget.ts
code src/__tests__/widget.ts
code src/__test__/widget.ts
supp __mocks__/node-fs.ts
supp src/__mocks__/node-fs.ts
supp src/__fixtures__/data.ts
supp src/__snapshots__/a.ts.snap
supp fixtures/data.ts
code test/fixtures/data.ts
code spec/widget.ts
code specs/widget.ts
code Tests/widget.ts
code src/TESTS/widget.ts
code e2e/login.ts
-    examples/basic-usage.ts
-    example/basic-usage.ts
-    benchmarks/run-suite.ts
-    bench/run-suite.ts
-    playground/demo.ts
-    snapshots/widget.ts
-    src/a1.ts
-    src/contest/widget.ts
-    src/latest/widget.ts
-    src/testing/widget.ts
-    src/testutils.ts
-    src/test-utils/widget.ts
-    src/foo.test.d/widget.ts
