---
source: crates/cli/tests/integration/github_format_tests.rs
expression: rendered
---
::warning file=packages/app/src/services/api/admin.ts,line=44,endLine=61,col=3,title=Code duplication::18 duplicated lines (140 tokens)%0A%0A3 instances found. Also in:%0A  → services/api/client.ts:10-27%0A  → shared.ts:5-22%0A%0AExtract a shared function to eliminate this duplication.
::warning file=packages/app/src/services/api/client.ts,line=10,endLine=27,col=1,title=Code duplication::18 duplicated lines (140 tokens)%0A%0A3 instances found. Also in:%0A  → services/api/admin.ts:44-61%0A  → shared.ts:5-22%0A%0AExtract a shared function to eliminate this duplication.
::warning file=shared.ts,line=5,endLine=22,col=1,title=Code duplication::18 duplicated lines (140 tokens)%0A%0A3 instances found. Also in:%0A  → services/api/client.ts:10-27%0A  → services/api/admin.ts:44-61%0A%0AExtract a shared function to eliminate this duplication.
::warning file=src/one.ts,line=1,endLine=6,col=1,title=Code duplication::6 duplicated lines (55 tokens)%0A%0A2 instances found. Also in:%0A  → src/two.ts:9-14%0A%0AExtract a shared function to eliminate this duplication.
::warning file=src/two.ts,line=9,endLine=14,col=5,title=Code duplication::6 duplicated lines (55 tokens)%0A%0A2 instances found. Also in:%0A  → src/one.ts:1-6%0A%0AExtract a shared function to eliminate this duplication.
::notice::fallow emitted 5 annotations; GitHub shows at most 10 per type per step
